---
source: crates/bacnet-cli/src/tui/tests/inprocess.rs
expression: "screen(&mut site.app, 120, 40)"
---
" bacnet | BIP 10.0.0.1:47808 | up | READ-ONLY | drop 0                                                           ? help "
"┌ Devices (3) | sort: instance ↑ ──────────────────────────────────────────────────────────────────────────────────────┐"
"│  Instance* Address                                                Network  Vendor  Max APDU  Segmentation  Last seen │"
"│> 101       10.0.0.101:47808                                       local    0       1476      none          0s        │"
"│  102       10.0.0.102:47808                                       local    0       1476      none          0s        │"
"│  103       10.0.0.103:47808                                       local    0       1476      none          0s        │"
"│                                                                                                                      │"
"│                                                                                                                      │"
"│                                                                                                                      │"
"│                                                                                                                      │"
"│                                                                                                                      │"
"│                                                                                                                      │"
"│                                                                                                                      │"
"│                                                                                                                      │"
"│                                                                                                                      │"
"│                                                                                                                      │"
"│                                                                                                                      │"
"│                                                                                                                      │"
"│                                                                                                                      │"
"│                                                                                                                      │"
"│                                                                                                                      │"
"│                                                                                                                      │"
"│                                                                                                                      │"
"│                                                                                                                      │"
"│                                                                                                                      │"
"│                                                                                                                      │"
"│                                                                                                                      │"
"│                                                                                                                      │"
"│                                                                                                                      │"
"│                                                                                                                      │"
"│                                                                                                                      │"
"│                                                                                                                      │"
"│                                                                                                                      │"
"│                                                                                                                      │"
"│                                                                                                                      │"
"│                                                                                                                      │"
"│                                                                                                                      │"
"│                                                                                                                      │"
"└ Who-Is local 101-103: done, 3 replies ───────────────────────────────────────────────────────────────────────────────┘"
" d Who-Is  / filter  s sort  S reverse  L log  ? help  q quit                                                           "
